******************************************************************************
                  TI ARM Linker PC v20.2.7                     
******************************************************************************
>> Linked Fri May  9 19:33:49 2025

OUTPUT FILE NAME:   <Charybdis.out>
ENTRY POINT SYMBOL: "_c_int00_noargs"  address: 000011c1


MEMORY CONFIGURATION

         name            origin    length      used     unused   attr    fill
----------------------  --------  ---------  --------  --------  ----  --------
  FLASH                 00000000   00040000  00001383  0003ec7d  R  X
  SRAM                  20000000   00008000  000002ec  00007d14  RW X


SEGMENT ALLOCATION MAP

run origin  load origin   length   init length attrs members
----------  ----------- ---------- ----------- ----- -------
00000000    00000000    00001388   00001388    r-x
  00000000    00000000    0000026c   0000026c    r-- .intvecs
  0000026c    0000026c    0000100c   0000100c    r-x .text
  00001278    00001278    0000000b   0000000b    r-- .const
  00001288    00001288    00000100   00000100    r-- .cinit
20000000    20000000    000002ec   00000000    rw-
  20000000    20000000    00000200   00000000    rw- .stack
  20000200    20000200    000000ec   00000000    rw- .data


SECTION ALLOCATION MAP

 output                                  attributes/
section   page    origin      length       input sections
--------  ----  ----------  ----------   ----------------
.intvecs   0    00000000    0000026c     
                  00000000    0000026c     tm4c123gh6pm_startup_ccs.obj (.intvecs)

.text      0    0000026c    0000100c     
                  0000026c    000004f4     main.obj (.text)
                  00000760    0000041c     Displayer.obj (.text)
                  00000b7c    000001b6     rtsv7M4_T_le_v4SPD16_eabi.lib : fd_add_t2.asm.obj (.text)
                  00000d32    00000002                                   : _lock.c.obj (.text:_nop)
                  00000d34    000000f8                                   : s_ceil.c.obj (.text:ceil)
                  00000e2c    000000f8                                   : s_floor.c.obj (.text:floor)
                  00000f24    0000009c                                   : memcpy_t2.asm.obj (.text)
                  00000fc0    00000086                                   : fd_cmp_t2.asm.obj (.text:__aeabi_cdcmple)
                  00001046    00000086                                   : fd_cmp_t2.asm.obj (.text:__aeabi_cdrcmple)
                  000010cc    00000068                                   : copy_decompress_lzss.c.obj (.text:decompress:lzss:__TI_decompress_lzss)
                  00001134    00000048                                   : fd_toi_t2.asm.obj (.text)
                  0000117c    00000044                                   : autoinit.c.obj (.text:__TI_auto_init_nobinit_nopinit:__TI_auto_init_nobinit_nopinit)
                  000011c0    00000034                                   : boot_cortex_m.c.obj (.text:_c_int00_noargs:_c_int00_noargs)
                  000011f4    00000034                                   : rand.c.obj (.text:rand)
                  00001228    0000002e                                   : i_tofd_t2.asm.obj (.text)
                  00001256    0000000e                                   : copy_decompress_none.c.obj (.text:decompress:none:__TI_decompress_none)
                  00001264    0000000c     tm4c123gh6pm_startup_ccs.obj (.text)
                  00001270    00000004     rtsv7M4_T_le_v4SPD16_eabi.lib : pre_init.c.obj (.text:_system_pre_init)
                  00001274    00000004                                   : exit.c.obj (.text:abort:abort)

.const     0    00001278    0000000b     
                  00001278    0000000b     main.obj (.const:.string:SEG)

.cinit     0    00001288    00000100     
                  00001288    000000ee     (.cinit..data.load) [load image, compression = lzss]
                  00001376    00000002     --HOLE-- [fill = 0]
                  00001378    00000008     (__TI_handler_table)
                  00001380    00000008     (__TI_cinit_table)

.init_array 
*          0    00000000    00000000     UNINITIALIZED

.data      0    20000200    000000ec     UNINITIALIZED
                  20000200    00000070     main.obj (.data:btm)
                  20000270    00000070     main.obj (.data:top)
                  200002e0    00000008     rtsv7M4_T_le_v4SPD16_eabi.lib : _lock.c.obj (.data:$O1$$)
                  200002e8    00000004                                   : rand.c.obj (.data)

.stack     0    20000000    00000200     UNINITIALIZED
                  20000000    00000004     rtsv7M4_T_le_v4SPD16_eabi.lib : boot_cortex_m.c.obj (.stack)
                  20000004    000001fc     --HOLE--

__llvm_prf_cnts 
*          0    20000000    00000000     UNINITIALIZED

MODULE SUMMARY

       Module                         code   ro data   rw data
       ------                         ----   -------   -------
    .\
       tm4c123gh6pm_startup_ccs.obj   12     620       0      
    +--+------------------------------+------+---------+---------+
       Total:                         12     620       0      
                                                              
    .\Sources\
       main.obj                       1268   11        224    
       Displayer.obj                  1052   0         0      
    +--+------------------------------+------+---------+---------+
       Total:                         2320   11        224    
                                                              
    C:\ti\ccs1281\ccs\tools\compiler\ti-cgt-arm_20.2.7.LTS\lib\rtsv7M4_T_le_v4SPD16_eabi.lib
       fd_add_t2.asm.obj              438    0         0      
       fd_cmp_t2.asm.obj              268    0         0      
       s_ceil.c.obj                   248    0         0      
       s_floor.c.obj                  248    0         0      
       memcpy_t2.asm.obj              156    0         0      
       copy_decompress_lzss.c.obj     104    0         0      
       fd_toi_t2.asm.obj              72     0         0      
       autoinit.c.obj                 68     0         0      
       rand.c.obj                     52     0         4      
       boot_cortex_m.c.obj            52     0         0      
       i_tofd_t2.asm.obj              46     0         0      
       copy_decompress_none.c.obj     14     0         0      
       _lock.c.obj                    2      0         8      
       exit.c.obj                     4      0         0      
       pre_init.c.obj                 4      0         0      
    +--+------------------------------+------+---------+---------+
       Total:                         1776   0         12     
                                                              
       Stack:                         0      0         512    
       Linker Generated:              0      254       0      
    +--+------------------------------+------+---------+---------+
       Grand Total:                   4108   885       748    


LINKER GENERATED COPY TABLES

__TI_cinit_table @ 00001380 records: 1, size/record: 8, table size: 8
	.data: load addr=00001288, load size=000000ee bytes, run addr=20000200, run size=000000ec bytes, compression=lzss


LINKER GENERATED HANDLER TABLE

__TI_handler_table @ 00001378 records: 2, size/record: 4, table size: 8
	index: 0, handler: __TI_decompress_lzss
	index: 1, handler: __TI_decompress_none


GLOBAL SYMBOLS: SORTED ALPHABETICALLY BY Name 

address   name                          
-------   ----                          
00001275  C$$EXIT                       
00000ad9  Delay_MS                      
00000b39  Delay_US                      
000009a7  LCD_Command                   
000009e1  LCD_Create                    
00000a27  LCD_Data                      
000007f9  LCD_Init                      
00000945  LCD_Nib                       
00000a8f  LCD_ShiftRight                
00000a51  LCD_Text                      
00001265  ResetISR                      
00000913  SSI2_Write                    
00000761  SevenSeg_Init                 
000008e9  Speak_Init                    
20000200  __STACK_END                   
00000200  __STACK_SIZE                  
20000200  __STACK_TOP                   
00001380  __TI_CINIT_Base               
00001388  __TI_CINIT_Limit              
00001378  __TI_Handler_Table_Base       
00001380  __TI_Handler_Table_Limit      
0000117d  __TI_auto_init_nobinit_nopinit
000010cd  __TI_decompress_lzss          
00001257  __TI_decompress_none          
ffffffff  __TI_pprof_out_hndl           
ffffffff  __TI_prof_data_size           
ffffffff  __TI_prof_data_start          
00000000  __TI_static_base__            
00000fc1  __aeabi_cdcmpeq               
00000fc1  __aeabi_cdcmple               
00001047  __aeabi_cdrcmple              
00001135  __aeabi_d2iz                  
00000b87  __aeabi_dadd                  
00000b7d  __aeabi_dsub                  
00001229  __aeabi_i2d                   
00000f25  __aeabi_memcpy                
00000f25  __aeabi_memcpy4               
00000f25  __aeabi_memcpy8               
ffffffff  __binit__                     
ffffffff  __c_args__                    
UNDEFED   __mpu_init                    
20000000  __stack                       
20000000  __start___llvm_prf_cnts       
20000000  __stop___llvm_prf_cnts        
000011c1  _c_int00_noargs               
200002e0  _lock                         
00000d33  _nop                          
UNDEFED   _system_post_cinit            
00001271  _system_pre_init              
200002e4  _unlock                       
00001275  abort                         
00000385  beep                          
ffffffff  binit                         
20000200  btm                           
00000d35  ceil                          
00000d35  ceill                         
00000e2d  floor                         
00000e2d  floorl                        
00000000  g_pfnVectors                  
00000411  intro                         
000004ad  loadingScreen                 
00000549  main                          
00000f25  memcpy                        
000011f5  rand                          
00000365  random                        
00000519  setup                         
00000395  shiftCursor                   
000002d3  siren                         
20000270  top                           
0000026d  wait                          


GLOBAL SYMBOLS: SORTED BY Symbol Address 

address   name                          
-------   ----                          
00000000  __TI_static_base__            
00000000  g_pfnVectors                  
00000200  __STACK_SIZE                  
0000026d  wait                          
000002d3  siren                         
00000365  random                        
00000385  beep                          
00000395  shiftCursor                   
00000411  intro                         
000004ad  loadingScreen                 
00000519  setup                         
00000549  main                          
00000761  SevenSeg_Init                 
000007f9  LCD_Init                      
000008e9  Speak_Init                    
00000913  SSI2_Write                    
00000945  LCD_Nib                       
000009a7  LCD_Command                   
000009e1  LCD_Create                    
00000a27  LCD_Data                      
00000a51  LCD_Text                      
00000a8f  LCD_ShiftRight                
00000ad9  Delay_MS                      
00000b39  Delay_US                      
00000b7d  __aeabi_dsub                  
00000b87  __aeabi_dadd                  
00000d33  _nop                          
00000d35  ceil                          
00000d35  ceill                         
00000e2d  floor                         
00000e2d  floorl                        
00000f25  __aeabi_memcpy                
00000f25  __aeabi_memcpy4               
00000f25  __aeabi_memcpy8               
00000f25  memcpy                        
00000fc1  __aeabi_cdcmpeq               
00000fc1  __aeabi_cdcmple               
00001047  __aeabi_cdrcmple              
000010cd  __TI_decompress_lzss          
00001135  __aeabi_d2iz                  
0000117d  __TI_auto_init_nobinit_nopinit
000011c1  _c_int00_noargs               
000011f5  rand                          
00001229  __aeabi_i2d                   
00001257  __TI_decompress_none          
00001265  ResetISR                      
00001271  _system_pre_init              
00001275  C$$EXIT                       
00001275  abort                         
00001378  __TI_Handler_Table_Base       
00001380  __TI_CINIT_Base               
00001380  __TI_Handler_Table_Limit      
00001388  __TI_CINIT_Limit              
20000000  __stack                       
20000000  __start___llvm_prf_cnts       
20000000  __stop___llvm_prf_cnts        
20000200  __STACK_END                   
20000200  __STACK_TOP                   
20000200  btm                           
20000270  top                           
200002e0  _lock                         
200002e4  _unlock                       
ffffffff  __TI_pprof_out_hndl           
ffffffff  __TI_prof_data_size           
ffffffff  __TI_prof_data_start          
ffffffff  __binit__                     
ffffffff  __c_args__                    
ffffffff  binit                         
UNDEFED   __mpu_init                    
UNDEFED   _system_post_cinit            

[70 symbols]
