******************************************************************************
                  TI ARM Linker PC v20.2.7                     
******************************************************************************
>> Linked Mon Apr  7 07:57:17 2025

OUTPUT FILE NAME:   <Wordle.out>
ENTRY POINT SYMBOL: "_c_int00_noinit_noargs"  address: 0000080d


MEMORY CONFIGURATION

         name            origin    length      used     unused   attr    fill
----------------------  --------  ---------  --------  --------  ----  --------
  FLASH                 00000000   00040000  0000084c  0003f7b4  R  X
  SRAM                  20000000   00008000  00000200  00007e00  RW X


SEGMENT ALLOCATION MAP

run origin  load origin   length   init length attrs members
----------  ----------- ---------- ----------- ----- -------
00000000    00000000    0000084c   0000084c    r-x
  00000000    00000000    0000026c   0000026c    r-- .intvecs
  0000026c    0000026c    000005e0   000005e0    r-x .text
20000000    20000000    00000200   00000000    rw-
  20000000    20000000    00000200   00000000    rw- .stack


SECTION ALLOCATION MAP

 output                                  attributes/
section   page    origin      length       input sections
--------  ----  ----------  ----------   ----------------
.intvecs   0    00000000    0000026c     
                  00000000    0000026c     tm4c123gh6pm_startup_ccs.obj (.intvecs)

.text      0    0000026c    000005e0     
                  0000026c    000001f4     main.obj (.text)
                  00000460    000001b6     rtsv7M4_T_le_v4SPD16_eabi.lib : fd_add_t2.asm.obj (.text)
                  00000616    00000002     --HOLE-- [fill = 0]
                  00000618    000000f8                                   : s_ceil.c.obj (.text:ceil)
                  00000710    00000086                                   : fd_cmp_t2.asm.obj (.text:__aeabi_cdrcmple)
                  00000796    00000048                                   : fd_toi_t2.asm.obj (.text)
                  000007de    0000002e                                   : i_tofd_t2.asm.obj (.text)
                  0000080c    0000002c                                   : boot_cortex_m.c.obj (.text:_c_int00_noinit_noargs:_c_int00_noinit_noargs)
                  00000838    0000000c     tm4c123gh6pm_startup_ccs.obj (.text)
                  00000844    00000004     rtsv7M4_T_le_v4SPD16_eabi.lib : pre_init.c.obj (.text:_system_pre_init)
                  00000848    00000004                                   : exit.c.obj (.text:abort:abort)

.cinit     0    00000000    00000000     UNINITIALIZED

.init_array 
*          0    00000000    00000000     UNINITIALIZED

.stack     0    20000000    00000200     UNINITIALIZED
                  20000000    00000004     rtsv7M4_T_le_v4SPD16_eabi.lib : boot_cortex_m.c.obj (.stack)
                  20000004    000001fc     --HOLE--

__llvm_prf_cnts 
*          0    20000000    00000000     UNINITIALIZED

MODULE SUMMARY

       Module                         code   ro data   rw data
       ------                         ----   -------   -------
    .\
       tm4c123gh6pm_startup_ccs.obj   12     620       0      
       main.obj                       500    0         0      
    +--+------------------------------+------+---------+---------+
       Total:                         512    620       0      
                                                              
    C:\ti\ccs1281\ccs\tools\compiler\ti-cgt-arm_20.2.7.LTS\lib\rtsv7M4_T_le_v4SPD16_eabi.lib
       fd_add_t2.asm.obj              438    0         0      
       s_ceil.c.obj                   248    0         0      
       fd_cmp_t2.asm.obj              134    0         0      
       fd_toi_t2.asm.obj              72     0         0      
       i_tofd_t2.asm.obj              46     0         0      
       boot_cortex_m.c.obj            44     0         0      
       exit.c.obj                     4      0         0      
       pre_init.c.obj                 4      0         0      
    +--+------------------------------+------+---------+---------+
       Total:                         990    0         0      
                                                              
       Stack:                         0      0         512    
    +--+------------------------------+------+---------+---------+
       Grand Total:                   1502   620       512    


GLOBAL SYMBOLS: SORTED ALPHABETICALLY BY Name 

address   name                   
-------   ----                   
00000849  C$$EXIT                
00000839  ResetISR               
000002d3  UART_Init              
20000200  __STACK_END            
00000200  __STACK_SIZE           
20000200  __STACK_TOP            
ffffffff  __TI_pprof_out_hndl    
ffffffff  __TI_prof_data_size    
ffffffff  __TI_prof_data_start   
00000000  __TI_static_base__     
00000711  __aeabi_cdrcmple       
00000797  __aeabi_d2iz           
0000046b  __aeabi_dadd           
00000461  __aeabi_dsub           
000007df  __aeabi_i2d            
ffffffff  __binit__              
ffffffff  __c_args__             
UNDEFED   __mpu_init             
20000000  __stack                
20000000  __start___llvm_prf_cnts
20000000  __stop___llvm_prf_cnts 
0000080d  _c_int00_noinit_noargs 
00000845  _system_pre_init       
00000849  abort                  
ffffffff  binit                  
00000619  ceil                   
00000619  ceill                  
00000000  g_pfnVectors           
000003eb  main                   
00000359  siren                  
0000032f  speaker_init           
0000026d  wait                   


GLOBAL SYMBOLS: SORTED BY Symbol Address 

address   name                   
-------   ----                   
00000000  __TI_static_base__     
00000000  g_pfnVectors           
00000200  __STACK_SIZE           
0000026d  wait                   
000002d3  UART_Init              
0000032f  speaker_init           
00000359  siren                  
000003eb  main                   
00000461  __aeabi_dsub           
0000046b  __aeabi_dadd           
00000619  ceil                   
00000619  ceill                  
00000711  __aeabi_cdrcmple       
00000797  __aeabi_d2iz           
000007df  __aeabi_i2d            
0000080d  _c_int00_noinit_noargs 
00000839  ResetISR               
00000845  _system_pre_init       
00000849  C$$EXIT                
00000849  abort                  
20000000  __stack                
20000000  __start___llvm_prf_cnts
20000000  __stop___llvm_prf_cnts 
20000200  __STACK_END            
20000200  __STACK_TOP            
ffffffff  __TI_pprof_out_hndl    
ffffffff  __TI_prof_data_size    
ffffffff  __TI_prof_data_start   
ffffffff  __binit__              
ffffffff  __c_args__             
ffffffff  binit                  
UNDEFED   __mpu_init             

[32 symbols]
